// Jest Snapshot v1, https://goo.gl/fbAQLP

exports[`renders correctly 1`] = `
<styled.div
  color="#ffffff"
  size="regular"
  speed={0.5}
  thickness={2}
/>
`;
